Testing GetLate API with base URL: https://getlate.dev/api/v1
Using API key: your-api-k...
--------------------------------------------------

Testing endpoint: /accounts
Full URL: https://getlate.dev/api/accounts
Status Code: 404
Request failed: 'charmap' codec can't encode character '\U0001f605' in position 23887: character maps to <undefined>

Testing endpoint: /api/v1/accounts
Full URL: https://getlate.dev/api/api/v1/accounts
Status Code: 404
Request failed: 'charmap' codec can't encode character '\U0001f605' in position 23887: character maps to <undefined>

Testing endpoint: /v1/accounts
Full URL: https://getlate.dev/api/v1/accounts
Status Code: 401
Error response: {"error":"Unauthorized"}

Testing endpoint: /api/accounts
Full URL: https://getlate.dev/api/api/accounts
Status Code: 404
Request failed: 'charmap' codec can't encode character '\U0001f605' in position 23887: character maps to <undefined>

==================================================
Testing common API patterns...

Testing alternative endpoint: /user/accounts
Status Code: 404

Testing alternative endpoint: /profile/accounts
Status Code: 404

Testing alternative endpoint: /connections
Status Code: 404

Testing alternative endpoint: /social-accounts
Status Code: 404

Testing alternative endpoint: /platforms
Status Code: 404
